unused step name: s6_sleep
Parsed test spec with 8 sessions

starting permutation: rdtbl sto locktbl
step rdtbl: SELECT * FROM accounts;
accountid|balance
---------+-------
checking |    600
savings  |    600
(2 rows)

step sto: SET statement_timeout = '10ms';
step locktbl: LOCK TABLE accounts; <waiting ...>
step locktbl: <... completed>
ERROR:  canceling statement due to statement timeout

starting permutation: rdtbl lto locktbl
step rdtbl: SELECT * FROM accounts;
accountid|balance
---------+-------
checking |    600
savings  |    600
(2 rows)

step lto: SET lock_timeout = '10ms';
step locktbl: LOCK TABLE accounts; <waiting ...>
step locktbl: <... completed>
ERROR:  canceling statement due to lock timeout

starting permutation: rdtbl lsto locktbl
step rdtbl: SELECT * FROM accounts;
accountid|balance
---------+-------
checking |    600
savings  |    600
(2 rows)

step lsto: SET lock_timeout = '10ms'; SET statement_timeout = '10s';
step locktbl: LOCK TABLE accounts; <waiting ...>
step locktbl: <... completed>
ERROR:  canceling statement due to lock timeout

starting permutation: rdtbl slto locktbl
step rdtbl: SELECT * FROM accounts;
accountid|balance
---------+-------
checking |    600
savings  |    600
(2 rows)

step slto: SET lock_timeout = '10s'; SET statement_timeout = '10ms';
step locktbl: LOCK TABLE accounts; <waiting ...>
step locktbl: <... completed>
ERROR:  canceling statement due to statement timeout

starting permutation: wrtbl sto update
step wrtbl: UPDATE accounts SET balance = balance + 100;
step sto: SET statement_timeout = '10ms';
step update: DELETE FROM accounts WHERE accountid = 'checking'; <waiting ...>
step update: <... completed>
ERROR:  canceling statement due to statement timeout

starting permutation: wrtbl lto update
step wrtbl: UPDATE accounts SET balance = balance + 100;
step lto: SET lock_timeout = '10ms';
step update: DELETE FROM accounts WHERE accountid = 'checking'; <waiting ...>
step update: <... completed>
ERROR:  canceling statement due to lock timeout

starting permutation: wrtbl lsto update
step wrtbl: UPDATE accounts SET balance = balance + 100;
step lsto: SET lock_timeout = '10ms'; SET statement_timeout = '10s';
step update: DELETE FROM accounts WHERE accountid = 'checking'; <waiting ...>
step update: <... completed>
ERROR:  canceling statement due to lock timeout

starting permutation: wrtbl slto update
step wrtbl: UPDATE accounts SET balance = balance + 100;
step slto: SET lock_timeout = '10s'; SET statement_timeout = '10ms';
step update: DELETE FROM accounts WHERE accountid = 'checking'; <waiting ...>
step update: <... completed>
ERROR:  canceling statement due to statement timeout

starting permutation: stto s3_begin s3_sleep s3_check s3_abort
step stto: SET statement_timeout = '1ms'; SET transaction_timeout = '1s';
step s3_begin: BEGIN ISOLATION LEVEL READ COMMITTED;
step s3_sleep: SELECT pg_sleep(0.1);
ERROR:  canceling statement due to statement timeout
step s3_check: SELECT count(*) FROM pg_stat_activity WHERE application_name = 'isolation/timeouts/s3';
count
-----
    1
(1 row)

step s3_abort: ABORT;

starting permutation: tsto s3_begin s3_sleep s3_check
step tsto: SET statement_timeout = '1s'; SET transaction_timeout = '1ms';
step s3_begin: BEGIN ISOLATION LEVEL READ COMMITTED;
step s3_sleep: SELECT pg_sleep(0.1);
FATAL:  terminating connection due to transaction timeout
server closed the connection unexpectedly
	This probably means the server terminated abnormally
	before or while processing the request.

step s3_check: SELECT count(*) FROM pg_stat_activity WHERE application_name = 'isolation/timeouts/s3';
count
-----
    0
(1 row)


starting permutation: itto s4_begin checker_sleep s4_check
step itto: SET idle_in_transaction_session_timeout = '1ms'; SET transaction_timeout = '1s';
step s4_begin: BEGIN ISOLATION LEVEL READ COMMITTED;
step checker_sleep: SELECT pg_sleep(0.1);
pg_sleep
--------
        
(1 row)

step s4_check: SELECT count(*) FROM pg_stat_activity WHERE application_name = 'isolation/timeouts/s4';
count
-----
    0
(1 row)


starting permutation: tito s5_begin checker_sleep s5_check
step tito: SET idle_in_transaction_session_timeout = '1s'; SET transaction_timeout = '1ms';
step s5_begin: BEGIN ISOLATION LEVEL READ COMMITTED;
step checker_sleep: SELECT pg_sleep(0.1);
pg_sleep
--------
        
(1 row)

step s5_check: SELECT count(*) FROM pg_stat_activity WHERE application_name = 'isolation/timeouts/s5';
count
-----
    0
(1 row)


starting permutation: s6_begin s6_tt checker_sleep s6_check
step s6_begin: BEGIN ISOLATION LEVEL READ COMMITTED;
step s6_tt: SET statement_timeout = '1s'; SET transaction_timeout = '1ms';
step checker_sleep: SELECT pg_sleep(0.1);
pg_sleep
--------
        
(1 row)

step s6_check: SELECT count(*) FROM pg_stat_activity WHERE application_name = 'isolation/timeouts/s6';
count
-----
    0
(1 row)


starting permutation: s7_begin s7_sleep s7_commit_and_chain s7_sleep s7_check s7_abort
step s7_begin: 
    BEGIN ISOLATION LEVEL READ COMMITTED;
    SET transaction_timeout = '150ms';

step s7_sleep: SELECT pg_sleep(0.1);
pg_sleep
--------
        
(1 row)

step s7_commit_and_chain: COMMIT AND CHAIN;
step s7_sleep: SELECT pg_sleep(0.1);
pg_sleep
--------
        
(1 row)

step s7_check: SELECT count(*) FROM pg_stat_activity WHERE application_name = 'isolation/timeouts/s7';
count
-----
    1
(1 row)

step s7_abort: ABORT;

starting permutation: s7_begin s7_sleep s7_select_1 checker_sleep s7_check
step s7_begin: 
    BEGIN ISOLATION LEVEL READ COMMITTED;
    SET transaction_timeout = '150ms';

step s7_sleep: SELECT pg_sleep(0.1);
pg_sleep
--------
        
(1 row)

step s7_select_1: SELECT 1;
?column?
--------
       1
(1 row)

step checker_sleep: SELECT pg_sleep(0.1);
pg_sleep
--------
        
(1 row)

step s7_check: SELECT count(*) FROM pg_stat_activity WHERE application_name = 'isolation/timeouts/s7';
count
-----
    0
(1 row)

