CREATE EXTENSION benchmark_mxids;
-- See README for explanation of arguments:
SELECT benchmark_mxids();
 benchmark_mxids 
-----------------
 
(1 row)

